// Jest Snapshot v1, https://goo.gl/fbAQLP

exports[`withFullscreen is rendered correctly 1`] = `
<div
  className="FullScreen"
  style={
    Object {
      "height": "100%",
      "width": "100%",
    }
  }
>
  <div />
</div>
`;
