// Jest Snapshot v1, https://goo.gl/fbAQLP

exports[`withPlayerControls is rendered correctly 1`] = `
<div
  className="player"
>
  <div />
</div>
`;
