// Jest Snapshot v1, https://goo.gl/fbAQLP

exports[`Should MovieReviews render correctly With reviews 1`] = `
<div
  className="movie-card__reviews movie-card__row"
>
  <div
    className="movie-card__reviews-col"
  >
    <div
      className="review"
    >
      <blockquote
        className="review__quote"
      >
        <p
          className="review__text"
        >
          test
        </p>
        <footer
          className="review__details"
        >
          <cite
            className="review__author"
          >
            test
          </cite>
          <time
            className="review__date"
            dateTime="2016-12-24"
          >
            December 20, 2020
          </time>
        </footer>
      </blockquote>
      <div
        className="review__rating"
      >
        5
      </div>
    </div>
  </div>
</div>
`;

exports[`Should MovieReviews render correctly Without reviews 1`] = `null`;
