// Jest Snapshot v1, https://goo.gl/fbAQLP

exports[`Should Movie render correctly Without movie 1`] = `null`;
