// Jest Snapshot v1, https://goo.gl/fbAQLP

exports[`Should GuestRoute render correctly 1`] = `null`;
