// Jest Snapshot v1, https://goo.gl/fbAQLP

exports[`Should AddReview render correctly Without movie 1`] = `null`;
