// Jest Snapshot v1, https://goo.gl/fbAQLP

exports[`withNewReviewData is rendered correctly 1`] = `<div />`;
