// Jest Snapshot v1, https://goo.gl/fbAQLP

exports[`withPagination is rendered correctly 1`] = `<div />`;
